---
source: src/bin/slite/./app_tui_test.rs
expression: view
---
                                                                                
   Source |  Target |  Diff |  Migrate                                      
 ────────────────────────────────────────────────────────────────────────────── 
 ╭Source──────────────────────╮╭SQL───────────────────────────────────────────╮ 
 │Tables                      ││CREATE TABLE album_artist (                   │ 
 │  album                     ││    album_artist_id INTEGER PRIMARY KEY NOT   │ 
 │  album_artist              ││NULL,                                         │ 
 │  artist                    ││    album_artist_name TEXT NOT NULL COLLATE   │ 
 │  search_index              ││NOCASE,                                       │ 
 │  search_spellfix           ││    created_date INTEGER NOT NULL,            │ 
 │  search_vocab              ││    UNIQUE (album_artist_name COLLATE NOCASE) │ 
 │  song                      ││)                                             │ 
 │Indexes                     ││                                              │ 
 │  idx_song_path             ││                                              │ 
 │Views                       ││                                              │ 
 │  vw_all                    ││                                              │ 
 │Triggers                    ││                                              │ 
 │  after_album_artist_delete ││                                              │ 
 │  after_album_artist_insert ││                                              │ 
 │  after_album_artist_update ││                                              │ 
 │  after_album_delete        ││                                              │ 
 │  after_album_insert        ││                                              │ 
 │  after_album_update        ││                                              │ 
 │  after_artist_delete       ││                                              │ 
 │  after_artist_insert       ││                                              │ 
 │  after_artist_update       ││                                              │ 
 │  after_song_delete         ││                                              │ 
 │  after_song_insert         ││                                              │ 
 │  after_song_update         ││                                              │ 
 │                            ││                                              │ 
 │                            ││                                              │ 
 │                            ││                                              │ 
 │                            ││                                              │ 
 │                            ││                                              │ 
 │                            ││                                              │ 
 │                            ││                                              │ 
 │                            ││                                              │ 
 │                            ││                                              │ 
 │                            ││                                              │ 
 │                            ││                                              │ 
 │                            ││                                              │ 
 │                            ││                                              │ 
 │                            ││                                              │ 
 │                            ││                                              │ 
 │                            ││                                              │ 
 │                            ││                                              │ 
 │                            ││                                              │ 
 │                            ││                                              │ 
 ╰────────────────────────────╯╰──────────────────────────────────────────────╯
